0 verbose cli /Users/aaronmonro/.nvm/versions/node/v20.18.1/bin/node /Users/aaronmonro/.nvm/versions/node/v20.18.1/bin/npm
1 info using npm@10.8.2
2 info using node@v20.18.1
3 silly config load:file:/Users/aaronmonro/.nvm/versions/node/v20.18.1/lib/node_modules/npm/npmrc
4 silly config load:file:/Users/aaronmonro/code/lula_design_exercise/.npmrc
5 silly config load:file:/Users/aaronmonro/.npmrc
6 silly config load:file:/Users/aaronmonro/.nvm/versions/node/v20.18.1/etc/npmrc
7 verbose title npm install @supabase/supabase-js
8 verbose argv "install" "@supabase/supabase-js" "--cache" "./.npm-cache"
9 verbose logfile logs-max:10 dir:/Users/aaronmonro/code/lula_design_exercise/.npm-cache/_logs/2026-01-22T16_44_25_190Z-
10 verbose logfile /Users/aaronmonro/code/lula_design_exercise/.npm-cache/_logs/2026-01-22T16_44_25_190Z-debug-0.log
11 silly packumentCache heap:4345298944 maxSize:1086324736 maxEntrySize:543162368
12 silly logfile done cleaning log files
13 silly idealTree buildDeps
14 silly fetch manifest @supabase/supabase-js@*
15 silly packumentCache full:https://registry.npmjs.org/@supabase%2fsupabase-js cache-miss
16 http fetch GET 200 https://registry.npmjs.org/@supabase%2fsupabase-js 306ms (cache miss)
17 silly packumentCache full:https://registry.npmjs.org/@supabase%2fsupabase-js set size:undefined disposed:false
18 silly placeDep ROOT @supabase/supabase-js@2.91.0 OK for: lula_design_exercise@0.1.0 want: *
19 silly fetch manifest @supabase/auth-js@2.91.0
20 silly packumentCache full:https://registry.npmjs.org/@supabase%2fauth-js cache-miss
21 silly fetch manifest @supabase/storage-js@2.91.0
22 silly packumentCache full:https://registry.npmjs.org/@supabase%2fstorage-js cache-miss
23 silly fetch manifest @supabase/realtime-js@2.91.0
24 silly packumentCache full:https://registry.npmjs.org/@supabase%2frealtime-js cache-miss
25 silly fetch manifest @supabase/functions-js@2.91.0
26 silly packumentCache full:https://registry.npmjs.org/@supabase%2ffunctions-js cache-miss
27 silly fetch manifest @supabase/postgrest-js@2.91.0
28 silly packumentCache full:https://registry.npmjs.org/@supabase%2fpostgrest-js cache-miss
29 http fetch GET 200 https://registry.npmjs.org/@supabase%2fauth-js 175ms (cache miss)
30 silly packumentCache full:https://registry.npmjs.org/@supabase%2fauth-js set size:undefined disposed:false
31 http fetch GET 200 https://registry.npmjs.org/@supabase%2fstorage-js 256ms (cache miss)
32 silly packumentCache full:https://registry.npmjs.org/@supabase%2fstorage-js set size:undefined disposed:false
33 http fetch GET 200 https://registry.npmjs.org/@supabase%2frealtime-js 283ms (cache miss)
34 silly packumentCache full:https://registry.npmjs.org/@supabase%2frealtime-js set size:undefined disposed:false
35 http fetch GET 200 https://registry.npmjs.org/@supabase%2ffunctions-js 322ms (cache miss)
36 silly packumentCache full:https://registry.npmjs.org/@supabase%2ffunctions-js set size:undefined disposed:false
37 http fetch GET 200 https://registry.npmjs.org/@supabase%2fpostgrest-js 325ms (cache miss)
38 silly packumentCache full:https://registry.npmjs.org/@supabase%2fpostgrest-js set size:undefined disposed:false
39 silly placeDep ROOT @supabase/auth-js@2.91.0 OK for: @supabase/supabase-js@2.91.0 want: 2.91.0
40 silly placeDep ROOT @supabase/functions-js@2.91.0 OK for: @supabase/supabase-js@2.91.0 want: 2.91.0
41 silly placeDep ROOT @supabase/postgrest-js@2.91.0 OK for: @supabase/supabase-js@2.91.0 want: 2.91.0
42 silly placeDep ROOT @supabase/realtime-js@2.91.0 OK for: @supabase/supabase-js@2.91.0 want: 2.91.0
43 silly placeDep ROOT @supabase/storage-js@2.91.0 OK for: @supabase/supabase-js@2.91.0 want: 2.91.0
44 silly fetch manifest ws@^8.18.2
45 silly packumentCache full:https://registry.npmjs.org/ws cache-miss
46 silly fetch manifest @types/ws@^8.18.1
47 silly packumentCache full:https://registry.npmjs.org/@types%2fws cache-miss
48 silly fetch manifest @types/phoenix@^1.6.6
49 silly packumentCache full:https://registry.npmjs.org/@types%2fphoenix cache-miss
50 silly fetch manifest iceberg-js@^0.8.1
51 silly packumentCache full:https://registry.npmjs.org/iceberg-js cache-miss
52 http fetch GET 200 https://registry.npmjs.org/@types%2fws 55ms (cache miss)
53 silly packumentCache full:https://registry.npmjs.org/@types%2fws set size:undefined disposed:false
54 http fetch GET 200 https://registry.npmjs.org/@types%2fphoenix 59ms (cache miss)
55 silly packumentCache full:https://registry.npmjs.org/@types%2fphoenix set size:undefined disposed:false
56 http fetch GET 200 https://registry.npmjs.org/ws 65ms (cache miss)
57 silly packumentCache full:https://registry.npmjs.org/ws set size:undefined disposed:false
58 http fetch GET 200 https://registry.npmjs.org/iceberg-js 136ms (cache miss)
59 silly packumentCache full:https://registry.npmjs.org/iceberg-js set size:undefined disposed:false
60 silly fetch manifest bufferutil@^4.0.1
61 silly packumentCache full:https://registry.npmjs.org/bufferutil cache-miss
62 http fetch GET 200 https://registry.npmjs.org/bufferutil 75ms (cache miss)
63 silly packumentCache full:https://registry.npmjs.org/bufferutil set size:undefined disposed:false
64 silly fetch manifest utf-8-validate@>=5.0.2
65 silly packumentCache full:https://registry.npmjs.org/utf-8-validate cache-miss
66 http fetch GET 200 https://registry.npmjs.org/utf-8-validate 54ms (cache miss)
67 silly packumentCache full:https://registry.npmjs.org/utf-8-validate set size:undefined disposed:false
68 silly placeDep ROOT @types/phoenix@1.6.7 OK for: @supabase/realtime-js@2.91.0 want: ^1.6.6
69 silly placeDep ROOT @types/ws@8.18.1 OK for: @supabase/realtime-js@2.91.0 want: ^8.18.1
70 silly placeDep ROOT ws@8.19.0 OK for: @supabase/realtime-js@2.91.0 want: ^8.18.2
71 silly placeDep ROOT iceberg-js@0.8.1 OK for: @supabase/storage-js@2.91.0 want: ^0.8.1
72 silly reify moves {}
73 verbose reify failed optional dependency /Users/aaronmonro/code/lula_design_exercise/node_modules/@tailwindcss/oxide-wasm32-wasi
74 silly reify mark deleted [
74 silly reify   '/Users/aaronmonro/code/lula_design_exercise/node_modules/@tailwindcss/oxide-wasm32-wasi'
74 silly reify ]
75 silly audit bulk request {
75 silly audit   '@alloc/quick-lru': [ '5.2.0' ],
75 silly audit   '@antfu/ni': [ '25.0.0' ],
75 silly audit   '@babel/code-frame': [ '7.28.6' ],
75 silly audit   '@babel/compat-data': [ '7.28.6' ],
75 silly audit   '@babel/core': [ '7.28.6' ],
75 silly audit   '@babel/generator': [ '7.28.6' ],
75 silly audit   '@babel/helper-annotate-as-pure': [ '7.27.3' ],
75 silly audit   '@babel/helper-compilation-targets': [ '7.28.6' ],
75 silly audit   '@babel/helper-create-class-features-plugin': [ '7.28.6' ],
75 silly audit   '@babel/helper-globals': [ '7.28.0' ],
75 silly audit   '@babel/helper-member-expression-to-functions': [ '7.28.5' ],
75 silly audit   '@babel/helper-module-imports': [ '7.28.6' ],
75 silly audit   '@babel/helper-module-transforms': [ '7.28.6' ],
75 silly audit   '@babel/helper-optimise-call-expression': [ '7.27.1' ],
75 silly audit   '@babel/helper-plugin-utils': [ '7.28.6' ],
75 silly audit   '@babel/helper-replace-supers': [ '7.28.6' ],
75 silly audit   '@babel/helper-skip-transparent-expression-wrappers': [ '7.27.1' ],
75 silly audit   '@babel/helper-string-parser': [ '7.27.1' ],
75 silly audit   '@babel/helper-validator-identifier': [ '7.28.5' ],
75 silly audit   '@babel/helper-validator-option': [ '7.27.1' ],
75 silly audit   '@babel/helpers': [ '7.28.6' ],
75 silly audit   '@babel/parser': [ '7.28.6' ],
75 silly audit   '@babel/plugin-syntax-jsx': [ '7.28.6' ],
75 silly audit   '@babel/plugin-syntax-typescript': [ '7.28.6' ],
75 silly audit   '@babel/plugin-transform-modules-commonjs': [ '7.28.6' ],
75 silly audit   '@babel/plugin-transform-typescript': [ '7.28.6' ],
75 silly audit   '@babel/preset-typescript': [ '7.28.5' ],
75 silly audit   '@babel/runtime': [ '7.28.6' ],
75 silly audit   '@babel/template': [ '7.28.6' ],
75 silly audit   '@babel/traverse': [ '7.28.6' ],
75 silly audit   '@babel/types': [ '7.28.6' ],
75 silly audit   '@base-ui/react': [ '1.1.0' ],
75 silly audit   '@base-ui/utils': [ '0.2.4' ],
75 silly audit   '@dotenvx/dotenvx': [ '1.51.4' ],
75 silly audit   commander: [ '11.1.0', '14.0.2' ],
75 silly audit   execa: [ '5.1.1', '9.6.1' ],
75 silly audit   fdir: [ '6.5.0' ],
75 silly audit   'get-stream': [ '6.0.1', '9.0.1' ],
75 silly audit   'human-signals': [ '2.1.0', '8.0.1' ],
75 silly audit   'is-stream': [ '2.0.1', '4.0.1' ],
75 silly audit   isexe: [ '3.1.1', '2.0.0' ],
75 silly audit   'npm-run-path': [ '4.0.1', '6.0.0' ],
75 silly audit   onetime: [ '5.1.2', '7.0.0' ],
75 silly audit   picomatch: [ '4.0.3', '2.3.1' ],
75 silly audit   'signal-exit': [ '3.0.7', '4.1.0' ],
75 silly audit   'strip-final-newline': [ '2.0.0', '4.0.0' ],
75 silly audit   which: [ '4.0.0', '2.0.2' ],
75 silly audit   '@ecies/ciphers': [ '0.2.5' ],
75 silly audit   '@emnapi/core': [ '1.8.1' ],
75 silly audit   '@emnapi/runtime': [ '1.8.1' ],
75 silly audit   '@emnapi/wasi-threads': [ '1.1.0' ],
75 silly audit   '@eslint-community/eslint-utils': [ '4.9.1' ],
75 silly audit   'eslint-visitor-keys': [ '3.4.3', '4.2.1' ],
75 silly audit   '@eslint-community/regexpp': [ '4.12.2' ],
75 silly audit   '@eslint/config-array': [ '0.21.1' ],
75 silly audit   '@eslint/config-helpers': [ '0.4.2' ],
75 silly audit   '@eslint/core': [ '0.17.0' ],
75 silly audit   '@eslint/eslintrc': [ '3.3.3' ],
75 silly audit   '@eslint/js': [ '9.39.2' ],
75 silly audit   '@eslint/object-schema': [ '2.1.7' ],
75 silly audit   '@eslint/plugin-kit': [ '0.4.1' ],
75 silly audit   '@floating-ui/core': [ '1.7.3' ],
75 silly audit   '@floating-ui/dom': [ '1.7.4' ],
75 silly audit   '@floating-ui/react-dom': [ '2.1.6' ],
75 silly audit   '@floating-ui/utils': [ '0.2.10' ],
75 silly audit   '@hono/node-server': [ '1.19.9' ],
75 silly audit   '@humanfs/core': [ '0.19.1' ],
75 silly audit   '@humanfs/node': [ '0.16.7' ],
75 silly audit   '@humanwhocodes/module-importer': [ '1.0.1' ],
75 silly audit   '@humanwhocodes/retry': [ '0.4.3' ],
75 silly audit   '@img/colour': [ '1.0.0' ],
75 silly audit   '@img/sharp-darwin-arm64': [ '0.34.5' ],
75 silly audit   '@img/sharp-darwin-x64': [ '0.34.5' ],
75 silly audit   '@img/sharp-libvips-darwin-arm64': [ '1.2.4' ],
75 silly audit   '@img/sharp-libvips-darwin-x64': [ '1.2.4' ],
75 silly audit   '@img/sharp-libvips-linux-arm': [ '1.2.4' ],
75 silly audit   '@img/sharp-libvips-linux-arm64': [ '1.2.4' ],
75 silly audit   '@img/sharp-libvips-linux-ppc64': [ '1.2.4' ],
75 silly audit   '@img/sharp-libvips-linux-riscv64': [ '1.2.4' ],
75 silly audit   '@img/sharp-libvips-linux-s390x': [ '1.2.4' ],
75 silly audit   '@img/sharp-libvips-linux-x64': [ '1.2.4' ],
75 silly audit   '@img/sharp-libvips-linuxmusl-arm64': [ '1.2.4' ],
75 silly audit   '@img/sharp-libvips-linuxmusl-x64': [ '1.2.4' ],
75 silly audit   '@img/sharp-linux-arm': [ '0.34.5' ],
75 silly audit   '@img/sharp-linux-arm64': [ '0.34.5' ],
75 silly audit   '@img/sharp-linux-ppc64': [ '0.34.5' ],
75 silly audit   '@img/sharp-linux-riscv64': [ '0.34.5' ],
75 silly audit   '@img/sharp-linux-s390x': [ '0.34.5' ],
75 silly audit   '@img/sharp-linux-x64': [ '0.34.5' ],
75 silly audit   '@img/sharp-linuxmusl-arm64': [ '0.34.5' ],
75 silly audit   '@img/sharp-linuxmusl-x64': [ '0.34.5' ],
75 silly audit   '@img/sharp-wasm32': [ '0.34.5' ],
75 silly audit   '@img/sharp-win32-arm64': [ '0.34.5' ],
75 silly audit   '@img/sharp-win32-ia32': [ '0.34.5' ],
75 silly audit   '@img/sharp-win32-x64': [ '0.34.5' ],
75 silly audit   '@inquirer/ansi': [ '1.0.2' ],
75 silly audit   '@inquirer/confirm': [ '5.1.21' ],
75 silly audit   '@inquirer/core': [ '10.3.2' ],
75 silly audit   '@inquirer/figures': [ '1.0.15' ],
75 silly audit   '@inquirer/type': [ '3.0.10' ],
75 silly audit   '@isaacs/balanced-match': [ '4.0.1' ],
75 silly audit   '@isaacs/brace-expansion': [ '5.0.0' ],
75 silly audit   '@jridgewell/gen-mapping': [ '0.3.13' ],
75 silly audit   '@jridgewell/remapping': [ '2.3.5' ],
75 silly audit   '@jridgewell/resolve-uri': [ '3.1.2' ],
75 silly audit   '@jridgewell/sourcemap-codec': [ '1.5.5' ],
75 silly audit   '@jridgewell/trace-mapping': [ '0.3.31' ],
75 silly audit   '@modelcontextprotocol/sdk': [ '1.25.3' ],
75 silly audit   ajv: [ '8.17.1', '6.12.6' ],
75 silly audit   'json-schema-traverse': [ '1.0.0', '0.4.1' ],
75 silly audit   '@mswjs/interceptors': [ '0.40.0' ],
75 silly audit   '@napi-rs/wasm-runtime': [ '0.2.12' ],
75 silly audit   '@next/env': [ '16.1.4' ],
75 silly audit   '@next/eslint-plugin-next': [ '16.1.4' ],
75 silly audit   '@next/swc-darwin-arm64': [ '16.1.4' ],
75 silly audit   '@next/swc-darwin-x64': [ '16.1.4' ],
75 silly audit   '@next/swc-linux-arm64-gnu': [ '16.1.4' ],
75 silly audit   '@next/swc-linux-arm64-musl': [ '16.1.4' ],
75 silly audit   '@next/swc-linux-x64-gnu': [ '16.1.4' ],
75 silly audit   '@next/swc-linux-x64-musl': [ '16.1.4' ],
75 silly audit   '@next/swc-win32-arm64-msvc': [ '16.1.4' ],
75 silly audit   '@next/swc-win32-x64-msvc': [ '16.1.4' ],
75 silly audit   '@noble/ciphers': [ '1.3.0' ],
75 silly audit   '@noble/curves': [ '1.9.7' ],
75 silly audit   '@noble/hashes': [ '1.8.0' ],
75 silly audit   '@nodelib/fs.scandir': [ '2.1.5' ],
75 silly audit   '@nodelib/fs.stat': [ '2.0.5' ],
75 silly audit   '@nodelib/fs.walk': [ '1.2.8' ],
75 silly audit   '@nolyfill/is-core-module': [ '1.0.39' ],
75 silly audit   '@open-draft/deferred-promise': [ '2.2.0' ],
75 silly audit   '@open-draft/logger': [ '0.3.0' ],
75 silly audit   '@open-draft/until': [ '2.1.0' ],
75 silly audit   '@radix-ui/react-compose-refs': [ '1.1.2' ],
75 silly audit   '@radix-ui/react-slot': [ '1.2.4' ],
75 silly audit   '@rtsao/scc': [ '1.1.0' ],
75 silly audit   '@sec-ant/readable-stream': [ '0.4.1' ],
75 silly audit   '@sindresorhus/merge-streams': [ '4.0.0' ],
75 silly audit   '@swc/helpers': [ '0.5.15' ],
75 silly audit   '@tailwindcss/node': [ '4.1.18' ],
75 silly audit   '@tailwindcss/oxide': [ '4.1.18' ],
75 silly audit   '@tailwindcss/oxide-android-arm64': [ '4.1.18' ],
75 silly audit   '@tailwindcss/oxide-darwin-arm64': [ '4.1.18' ],
75 silly audit   '@tailwindcss/oxide-darwin-x64': [ '4.1.18' ],
75 silly audit   '@tailwindcss/oxide-freebsd-x64': [ '4.1.18' ],
75 silly audit   '@tailwindcss/oxide-linux-arm-gnueabihf': [ '4.1.18' ],
75 silly audit   '@tailwindcss/oxide-linux-arm64-gnu': [ '4.1.18' ],
75 silly audit   '@tailwindcss/oxide-linux-arm64-musl': [ '4.1.18' ],
75 silly audit   '@tailwindcss/oxide-linux-x64-gnu': [ '4.1.18' ],
75 silly audit   '@tailwindcss/oxide-linux-x64-musl': [ '4.1.18' ],
75 silly audit   '@tailwindcss/oxide-win32-arm64-msvc': [ '4.1.18' ],
75 silly audit   '@tailwindcss/oxide-win32-x64-msvc': [ '4.1.18' ],
75 silly audit   '@tailwindcss/postcss': [ '4.1.18' ],
75 silly audit   '@ts-morph/common': [ '0.27.0' ],
75 silly audit   'fast-glob': [ '3.3.3', '3.3.1' ],
75 silly audit   'glob-parent': [ '5.1.2', '6.0.2' ],
75 silly audit   minimatch: [ '10.1.1', '9.0.5', '3.1.2' ],
75 silly audit   '@tybys/wasm-util': [ '0.10.1' ],
75 silly audit   '@types/estree': [ '1.0.8' ],
75 silly audit   '@types/json-schema': [ '7.0.15' ],
75 silly audit   '@types/json5': [ '0.0.29' ],
75 silly audit   '@types/node': [ '20.19.30' ],
75 silly audit   '@types/react': [ '19.2.9' ],
75 silly audit   '@types/react-dom': [ '19.2.3' ],
75 silly audit   '@types/statuses': [ '2.0.6' ],
75 silly audit   '@types/validate-npm-package-name': [ '4.0.2' ],
75 silly audit   '@typescript-eslint/eslint-plugin': [ '8.53.1' ],
75 silly audit   ignore: [ '7.0.5', '5.3.2' ],
75 silly audit   '@typescript-eslint/parser': [ '8.53.1' ],
75 silly audit   '@typescript-eslint/project-service': [ '8.53.1' ],
75 silly audit   '@typescript-eslint/scope-manager': [ '8.53.1' ],
75 silly audit   '@typescript-eslint/tsconfig-utils': [ '8.53.1' ],
75 silly audit   '@typescript-eslint/type-utils': [ '8.53.1' ],
75 silly audit   '@typescript-eslint/types': [ '8.53.1' ],
75 silly audit   '@typescript-eslint/typescript-estree': [ '8.53.1' ],
75 silly audit   'brace-expansion': [ '2.0.2', '1.1.12' ],
75 silly audit   semver: [ '7.7.3', '6.3.1' ],
75 silly audit   '@typescript-eslint/utils': [ '8.53.1' ],
75 silly audit   '@typescript-eslint/visitor-keys': [ '8.53.1' ],
75 silly audit   '@unrs/resolver-binding-android-arm-eabi': [ '1.11.1' ],
75 silly audit   '@unrs/resolver-binding-android-arm64': [ '1.11.1' ],
75 silly audit   '@unrs/resolver-binding-darwin-arm64': [ '1.11.1' ],
75 silly audit   '@unrs/resolver-binding-darwin-x64': [ '1.11.1' ],
75 silly audit   '@unrs/resolver-binding-freebsd-x64': [ '1.11.1' ],
75 silly audit   '@unrs/resolver-binding-linux-arm-gnueabihf': [ '1.11.1' ],
75 silly audit   '@unrs/resolver-binding-linux-arm-musleabihf': [ '1.11.1' ],
75 silly audit   '@unrs/resolver-binding-linux-arm64-gnu': [ '1.11.1' ],
75 silly audit   '@unrs/resolver-binding-linux-arm64-musl': [ '1.11.1' ],
75 silly audit   '@unrs/resolver-binding-linux-ppc64-gnu': [ '1.11.1' ],
75 silly audit   '@unrs/resolver-binding-linux-riscv64-gnu': [ '1.11.1' ],
75 silly audit   '@unrs/resolver-binding-linux-riscv64-musl': [ '1.11.1' ],
75 silly audit   '@unrs/resolver-binding-linux-s390x-gnu': [ '1.11.1' ],
75 silly audit   '@unrs/resolver-binding-linux-x64-gnu': [ '1.11.1' ],
75 silly audit   '@unrs/resolver-binding-linux-x64-musl': [ '1.11.1' ],
75 silly audit   '@unrs/resolver-binding-wasm32-wasi': [ '1.11.1' ],
75 silly audit   '@unrs/resolver-binding-win32-arm64-msvc': [ '1.11.1' ],
75 silly audit   '@unrs/resolver-binding-win32-ia32-msvc': [ '1.11.1' ],
75 silly audit   '@unrs/resolver-binding-win32-x64-msvc': [ '1.11.1' ],
75 silly audit   accepts: [ '2.0.0' ],
75 silly audit   acorn: [ '8.15.0' ],
75 silly audit   'acorn-jsx': [ '5.3.2' ],
75 silly audit   'agent-base': [ '7.1.4' ],
75 silly audit   'ajv-formats': [ '3.0.1' ],
75 silly audit   'ansi-regex': [ '6.2.2', '5.0.1' ],
75 silly audit   'ansi-styles': [ '4.3.0' ],
75 silly audit   ansis: [ '4.2.0' ],
75 silly audit   argparse: [ '2.0.1' ],
75 silly audit   'aria-query': [ '5.3.2' ],
75 silly audit   'array-buffer-byte-length': [ '1.0.2' ],
75 silly audit   'array-includes': [ '3.1.9' ],
75 silly audit   'array.prototype.findlast': [ '1.2.5' ],
75 silly audit   'array.prototype.findlastindex': [ '1.2.6' ],
75 silly audit   'array.prototype.flat': [ '1.3.3' ],
75 silly audit   'array.prototype.flatmap': [ '1.3.3' ],
75 silly audit   'array.prototype.tosorted': [ '1.1.4' ],
75 silly audit   'arraybuffer.prototype.slice': [ '1.0.4' ],
75 silly audit   'ast-types': [ '0.16.1' ],
75 silly audit   'ast-types-flow': [ '0.0.8' ],
75 silly audit   'async-function': [ '1.0.0' ],
75 silly audit   'available-typed-arrays': [ '1.0.7' ],
75 silly audit   'axe-core': [ '4.11.1' ],
75 silly audit   'axobject-query': [ '4.1.0' ],
75 silly audit   'balanced-match': [ '1.0.2' ],
75 silly audit   'baseline-browser-mapping': [ '2.9.16' ],
75 silly audit   'body-parser': [ '2.2.2' ],
75 silly audit   braces: [ '3.0.3' ],
75 silly audit   browserslist: [ '4.28.1' ],
75 silly audit   'bundle-name': [ '4.1.0' ],
75 silly audit   bytes: [ '3.1.2' ],
75 silly audit   'call-bind': [ '1.0.8' ],
75 silly audit   'call-bind-apply-helpers': [ '1.0.2' ],
75 silly audit   'call-bound': [ '1.0.4' ],
75 silly audit   callsites: [ '3.1.0' ],
75 silly audit   'caniuse-lite': [ '1.0.30001765' ],
75 silly audit   chalk: [ '4.1.2', '5.6.2' ],
75 silly audit   'class-variance-authority': [ '0.7.1' ],
75 silly audit   'cli-cursor': [ '5.0.0' ],
75 silly audit   'cli-spinners': [ '2.9.2' ],
75 silly audit   'cli-width': [ '4.1.0' ],
75 silly audit   'client-only': [ '0.0.1' ],
75 silly audit   cliui: [ '8.0.1' ],
75 silly audit   'emoji-regex': [ '8.0.0', '9.2.2', '10.6.0' ],
75 silly audit   'string-width': [ '4.2.3', '7.2.0' ],
75 silly audit   'strip-ansi': [ '6.0.1', '7.1.2' ],
75 silly audit   'wrap-ansi': [ '7.0.0', '6.2.0' ],
75 silly audit   clsx: [ '2.1.1' ],
75 silly audit   'code-block-writer': [ '13.0.3' ],
75 silly audit   'color-convert': [ '2.0.1' ],
75 silly audit   'color-name': [ '1.1.4' ],
75 silly audit   'concat-map': [ '0.0.1' ],
75 silly audit   'content-disposition': [ '1.0.1' ],
75 silly audit   'content-type': [ '1.0.5' ],
75 silly audit   'convert-source-map': [ '2.0.0' ],
75 silly audit   cookie: [ '0.7.2', '1.1.1' ],
75 silly audit   'cookie-signature': [ '1.2.2' ],
75 silly audit   cors: [ '2.8.5' ],
75 silly audit   cosmiconfig: [ '9.0.0' ],
75 silly audit   'cross-spawn': [ '7.0.6' ],
75 silly audit   cssesc: [ '3.0.0' ],
75 silly audit   csstype: [ '3.2.3' ],
75 silly audit   'damerau-levenshtein': [ '1.0.8' ],
75 silly audit   'data-uri-to-buffer': [ '4.0.1' ],
75 silly audit   'data-view-buffer': [ '1.0.2' ],
75 silly audit   'data-view-byte-length': [ '1.0.2' ],
75 silly audit   'data-view-byte-offset': [ '1.0.1' ],
75 silly audit   debug: [ '4.4.3', '3.2.7' ],
75 silly audit   dedent: [ '1.7.1' ],
75 silly audit   'deep-is': [ '0.1.4' ],
75 silly audit   deepmerge: [ '4.3.1' ],
75 silly audit   'default-browser': [ '5.4.0' ],
75 silly audit   'default-browser-id': [ '5.0.1' ],
75 silly audit   'define-data-property': [ '1.1.4' ],
75 silly audit   'define-lazy-prop': [ '3.0.0' ],
75 silly audit   'define-properties': [ '1.2.1' ],
75 silly audit   depd: [ '2.0.0' ],
75 silly audit   'detect-libc': [ '2.1.2' ],
75 silly audit   diff: [ '8.0.3' ],
75 silly audit   doctrine: [ '2.1.0' ],
75 silly audit   dotenv: [ '17.2.3' ],
75 silly audit   'dunder-proto': [ '1.0.1' ],
75 silly audit   eciesjs: [ '0.4.16' ],
75 silly audit   'ee-first': [ '1.1.1' ],
75 silly audit   'electron-to-chromium': [ '1.5.267' ],
75 silly audit   encodeurl: [ '2.0.0' ],
75 silly audit   'enhanced-resolve': [ '5.18.4' ],
75 silly audit   'env-paths': [ '2.2.1' ],
75 silly audit   'error-ex': [ '1.3.4' ],
75 silly audit   'es-abstract': [ '1.24.1' ],
75 silly audit   'es-define-property': [ '1.0.1' ],
75 silly audit   'es-errors': [ '1.3.0' ],
75 silly audit   'es-iterator-helpers': [ '1.2.2' ],
75 silly audit   'es-object-atoms': [ '1.1.1' ],
75 silly audit   'es-set-tostringtag': [ '2.1.0' ],
75 silly audit   'es-shim-unscopables': [ '1.1.0' ],
75 silly audit   'es-to-primitive': [ '1.3.0' ],
75 silly audit   escalade: [ '3.2.0' ],
75 silly audit   'escape-html': [ '1.0.3' ],
75 silly audit   'escape-string-regexp': [ '4.0.0' ],
75 silly audit   eslint: [ '9.39.2' ],
75 silly audit   'eslint-config-next': [ '16.1.4' ],
75 silly audit   globals: [ '16.4.0', '14.0.0' ],
75 silly audit   'eslint-import-resolver-node': [ '0.3.9' ],
75 silly audit   'eslint-import-resolver-typescript': [ '3.10.1' ],
75 silly audit   'eslint-module-utils': [ '2.12.1' ],
75 silly audit   'eslint-plugin-import': [ '2.32.0' ],
75 silly audit   'eslint-plugin-jsx-a11y': [ '6.10.2' ],
75 silly audit   'eslint-plugin-react': [ '7.37.5' ],
75 silly audit   'eslint-plugin-react-hooks': [ '7.0.1' ],
75 silly audit   resolve: [ '2.0.0-next.5', '1.22.11' ],
75 silly audit   'eslint-scope': [ '8.4.0' ],
75 silly audit   espree: [ '10.4.0' ],
75 silly audit   esprima: [ '4.0.1' ],
75 silly audit   esquery: [ '1.7.0' ],
75 silly audit   esrecurse: [ '4.3.0' ],
75 silly audit   estraverse: [ '5.3.0' ],
75 silly audit   esutils: [ '2.0.3' ],
75 silly audit   etag: [ '1.8.1' ],
75 silly audit   eventsource: [ '3.0.7' ],
75 silly audit   'eventsource-parser': [ '3.0.6' ],
75 silly audit   express: [ '5.2.1' ],
75 silly audit   'express-rate-limit': [ '7.5.1' ],
75 silly audit   'fast-deep-equal': [ '3.1.3' ],
75 silly audit   'fast-json-stable-stringify': [ '2.1.0' ],
75 silly audit   'fast-levenshtein': [ '2.0.6' ],
75 silly audit   'fast-uri': [ '3.1.0' ],
75 silly audit   fastq: [ '1.20.1' ],
75 silly audit   'fetch-blob': [ '3.2.0' ],
75 silly audit   figures: [ '6.1.0' ],
75 silly audit   'file-entry-cache': [ '8.0.0' ],
75 silly audit   'fill-range': [ '7.1.1' ],
75 silly audit   finalhandler: [ '2.1.1' ],
75 silly audit   'find-up': [ '5.0.0' ],
75 silly audit   'flat-cache': [ '4.0.1' ],
75 silly audit   flatted: [ '3.3.3' ],
75 silly audit   'for-each': [ '0.3.5' ],
75 silly audit   'formdata-polyfill': [ '4.0.10' ],
75 silly audit   forwarded: [ '0.2.0' ],
75 silly audit   fresh: [ '2.0.0' ],
75 silly audit   'fs-extra': [ '11.3.3' ],
75 silly audit   'function-bind': [ '1.1.2' ],
75 silly audit   'function.prototype.name': [ '1.1.8' ],
75 silly audit   'functions-have-names': [ '1.2.3' ],
75 silly audit   fuzzysort: [ '3.1.0' ],
75 silly audit   fzf: [ '0.5.2' ],
75 silly audit   'generator-function': [ '2.0.1' ],
75 silly audit   gensync: [ '1.0.0-beta.2' ],
75 silly audit   'get-caller-file': [ '2.0.5' ],
75 silly audit   'get-east-asian-width': [ '1.4.0' ],
75 silly audit   'get-intrinsic': [ '1.3.0' ],
75 silly audit   'get-own-enumerable-keys': [ '1.0.0' ],
75 silly audit   'get-proto': [ '1.0.1' ],
75 silly audit   'get-symbol-description': [ '1.1.0' ],
75 silly audit   'get-tsconfig': [ '4.13.0' ],
75 silly audit   globalthis: [ '1.0.4' ],
75 silly audit   gopd: [ '1.2.0' ],
75 silly audit   'graceful-fs': [ '4.2.11' ],
75 silly audit   graphql: [ '16.12.0' ],
75 silly audit   'has-bigints': [ '1.1.0' ],
75 silly audit   'has-flag': [ '4.0.0' ],
75 silly audit   'has-property-descriptors': [ '1.0.2' ],
75 silly audit   'has-proto': [ '1.2.0' ],
75 silly audit   'has-symbols': [ '1.1.0' ],
75 silly audit   'has-tostringtag': [ '1.0.2' ],
75 silly audit   hasown: [ '2.0.2' ],
75 silly audit   'headers-polyfill': [ '4.0.3' ],
75 silly audit   'hermes-estree': [ '0.25.1' ],
75 silly audit   'hermes-parser': [ '0.25.1' ],
75 silly audit   hono: [ '4.11.4' ],
75 silly audit   'http-errors': [ '2.0.1' ],
75 silly audit   'https-proxy-agent': [ '7.0.6' ],
75 silly audit   'iconv-lite': [ '0.7.2' ],
75 silly audit   'import-fresh': [ '3.3.1' ],
75 silly audit   imurmurhash: [ '0.1.4' ],
75 silly audit   inherits: [ '2.0.4' ],
75 silly audit   'internal-slot': [ '1.1.0' ],
75 silly audit   'ipaddr.js': [ '1.9.1' ],
75 silly audit   'is-array-buffer': [ '3.0.5' ],
75 silly audit   'is-arrayish': [ '0.2.1' ],
75 silly audit   'is-async-function': [ '2.1.1' ],
75 silly audit   'is-bigint': [ '1.1.0' ],
75 silly audit   'is-boolean-object': [ '1.2.2' ],
75 silly audit   'is-bun-module': [ '2.0.0' ],
75 silly audit   'is-callable': [ '1.2.7' ],
75 silly audit   'is-core-module': [ '2.16.1' ],
75 silly audit   'is-data-view': [ '1.0.2' ],
75 silly audit   'is-date-object': [ '1.1.0' ],
75 silly audit   'is-docker': [ '3.0.0' ],
75 silly audit   'is-extglob': [ '2.1.1' ],
75 silly audit   'is-finalizationregistry': [ '1.1.1' ],
75 silly audit   'is-fullwidth-code-point': [ '3.0.0' ],
75 silly audit   'is-generator-function': [ '1.1.2' ],
75 silly audit   'is-glob': [ '4.0.3' ],
75 silly audit   'is-in-ssh': [ '1.0.0' ],
75 silly audit   'is-inside-container': [ '1.0.0' ],
75 silly audit   'is-interactive': [ '2.0.0' ],
75 silly audit   'is-map': [ '2.0.3' ],
75 silly audit   'is-negative-zero': [ '2.0.3' ],
75 silly audit   'is-node-process': [ '1.2.0' ],
75 silly audit   'is-number': [ '7.0.0' ],
75 silly audit   'is-number-object': [ '1.1.1' ],
75 silly audit   'is-obj': [ '3.0.0' ],
75 silly audit   'is-plain-obj': [ '4.1.0' ],
75 silly audit   'is-promise': [ '4.0.0' ],
75 silly audit   'is-regex': [ '1.2.1' ],
75 silly audit   'is-regexp': [ '3.1.0' ],
75 silly audit   'is-set': [ '2.0.3' ],
75 silly audit   'is-shared-array-buffer': [ '1.0.4' ],
75 silly audit   'is-string': [ '1.1.1' ],
75 silly audit   'is-symbol': [ '1.1.1' ],
75 silly audit   'is-typed-array': [ '1.1.15' ],
75 silly audit   'is-unicode-supported': [ '2.1.0', '1.3.0' ],
75 silly audit   'is-weakmap': [ '2.0.2' ],
75 silly audit   'is-weakref': [ '1.1.1' ],
75 silly audit   'is-weakset': [ '2.0.4' ],
75 silly audit   'is-wsl': [ '3.1.0' ],
75 silly audit   isarray: [ '2.0.5' ],
75 silly audit   'iterator.prototype': [ '1.1.5' ],
75 silly audit   jiti: [ '2.6.1' ],
75 silly audit   jose: [ '6.1.3' ],
75 silly audit   'js-tokens': [ '4.0.0' ],
75 silly audit   'js-yaml': [ '4.1.1' ],
75 silly audit   jsesc: [ '3.1.0' ],
75 silly audit   'json-buffer': [ '3.0.1' ],
75 silly audit   'json-parse-even-better-errors': [ '2.3.1' ],
75 silly audit   'json-schema-typed': [ '8.0.2' ],
75 silly audit   'json-stable-stringify-without-jsonify': [ '1.0.1' ],
75 silly audit   json5: [ '2.2.3', '1.0.2' ],
75 silly audit   jsonfile: [ '6.2.0' ],
75 silly audit   'jsx-ast-utils': [ '3.3.5' ],
75 silly audit   keyv: [ '4.5.4' ],
75 silly audit   kleur: [ '4.1.5', '3.0.3' ],
75 silly audit   'language-subtag-registry': [ '0.3.23' ],
75 silly audit   'language-tags': [ '1.0.9' ],
75 silly audit   levn: [ '0.4.1' ],
75 silly audit   lightningcss: [ '1.30.2' ],
75 silly audit   'lightningcss-android-arm64': [ '1.30.2' ],
75 silly audit   'lightningcss-darwin-arm64': [ '1.30.2' ],
75 silly audit   'lightningcss-darwin-x64': [ '1.30.2' ],
75 silly audit   'lightningcss-freebsd-x64': [ '1.30.2' ],
75 silly audit   'lightningcss-linux-arm-gnueabihf': [ '1.30.2' ],
75 silly audit   'lightningcss-linux-arm64-gnu': [ '1.30.2' ],
75 silly audit   'lightningcss-linux-arm64-musl': [ '1.30.2' ],
75 silly audit   'lightningcss-linux-x64-gnu': [ '1.30.2' ],
75 silly audit   'lightningcss-linux-x64-musl': [ '1.30.2' ],
75 silly audit   'lightningcss-win32-arm64-msvc': [ '1.30.2' ],
75 silly audit   'lightningcss-win32-x64-msvc': [ '1.30.2' ],
75 silly audit   'lines-and-columns': [ '1.2.4' ],
75 silly audit   'locate-path': [ '6.0.0' ],
75 silly audit   'lodash.merge': [ '4.6.2' ],
75 silly audit   'log-symbols': [ '6.0.0' ],
75 silly audit   'loose-envify': [ '1.4.0' ],
75 silly audit   'lru-cache': [ '5.1.1' ],
75 silly audit   'lucide-react': [ '0.562.0' ],
75 silly audit   'magic-string': [ '0.30.21' ],
75 silly audit   'math-intrinsics': [ '1.1.0' ],
75 silly audit   'media-typer': [ '1.1.0' ],
75 silly audit   'merge-descriptors': [ '2.0.0' ],
75 silly audit   'merge-stream': [ '2.0.0' ],
75 silly audit   merge2: [ '1.4.1' ],
75 silly audit   micromatch: [ '4.0.8' ],
75 silly audit   'mime-db': [ '1.54.0' ],
75 silly audit   'mime-types': [ '3.0.2' ],
75 silly audit   'mimic-fn': [ '2.1.0' ],
75 silly audit   'mimic-function': [ '5.0.1' ],
75 silly audit   minimist: [ '1.2.8' ],
75 silly audit   ms: [ '2.1.3' ],
75 silly audit   msw: [ '2.12.7' ],
75 silly audit   'mute-stream': [ '2.0.0' ],
75 silly audit   nanoid: [ '3.3.11' ],
75 silly audit   'napi-postinstall': [ '0.3.4' ],
75 silly audit   'natural-compare': [ '1.4.0' ],
75 silly audit   negotiator: [ '1.0.0' ],
75 silly audit   next: [ '16.1.4' ],
75 silly audit   postcss: [ '8.4.31', '8.5.6' ],
75 silly audit   'node-domexception': [ '1.0.0' ],
75 silly audit   'node-fetch': [ '3.3.2' ],
75 silly audit   'node-releases': [ '2.0.27' ],
75 silly audit   'path-key': [ '4.0.0', '3.1.1' ],
75 silly audit   'object-assign': [ '4.1.1' ],
75 silly audit   'object-inspect': [ '1.13.4' ],
75 silly audit   'object-keys': [ '1.1.1' ],
75 silly audit   'object-treeify': [ '1.1.33' ],
75 silly audit   'object.assign': [ '4.1.7' ],
75 silly audit   'object.entries': [ '1.1.9' ],
75 silly audit   'object.fromentries': [ '2.0.8' ],
75 silly audit   'object.groupby': [ '1.0.3' ],
75 silly audit   'object.values': [ '1.2.1' ],
75 silly audit   'on-finished': [ '2.4.1' ],
75 silly audit   once: [ '1.4.0' ],
75 silly audit   open: [ '11.0.0' ],
75 silly audit   optionator: [ '0.9.4' ],
75 silly audit   ora: [ '8.2.0' ],
75 silly audit   outvariant: [ '1.4.3' ],
75 silly audit   'own-keys': [ '1.0.1' ],
75 silly audit   'p-limit': [ '3.1.0' ],
75 silly audit   'p-locate': [ '5.0.0' ],
75 silly audit   'package-manager-detector': [ '1.6.0' ],
75 silly audit   'parent-module': [ '1.0.1' ],
75 silly audit   'parse-json': [ '5.2.0' ],
75 silly audit   'parse-ms': [ '4.0.0' ],
75 silly audit   parseurl: [ '1.3.3' ],
75 silly audit   'path-browserify': [ '1.0.1' ],
75 silly audit   'path-exists': [ '4.0.0' ],
75 silly audit   'path-parse': [ '1.0.7' ],
75 silly audit   'path-to-regexp': [ '6.3.0', '8.3.0' ],
75 silly audit   picocolors: [ '1.1.1' ],
75 silly audit   'pkce-challenge': [ '5.0.1' ],
75 silly audit   'possible-typed-array-names': [ '1.1.0' ],
75 silly audit   'postcss-selector-parser': [ '7.1.1' ],
75 silly audit   'powershell-utils': [ '0.1.0' ],
75 silly audit   'prelude-ls': [ '1.2.1' ],
75 silly audit   'pretty-ms': [ '9.3.0' ],
75 silly audit   prompts: [ '2.4.2' ],
75 silly audit   'prop-types': [ '15.8.1' ],
75 silly audit   'proxy-addr': [ '2.0.7' ],
75 silly audit   punycode: [ '2.3.1' ],
75 silly audit   qs: [ '6.14.1' ],
75 silly audit   'queue-microtask': [ '1.2.3' ],
75 silly audit   'range-parser': [ '1.2.1' ],
75 silly audit   'raw-body': [ '3.0.2' ],
75 silly audit   react: [ '19.2.3' ],
75 silly audit   'react-dom': [ '19.2.3' ],
75 silly audit   'react-is': [ '16.13.1' ],
75 silly audit   recast: [ '0.23.11' ],
75 silly audit   'reflect.getprototypeof': [ '1.0.10' ],
75 silly audit   'regexp.prototype.flags': [ '1.5.4' ],
75 silly audit   'require-directory': [ '2.1.1' ],
75 silly audit   'require-from-string': [ '2.0.2' ],
75 silly audit   reselect: [ '5.1.1' ],
75 silly audit   'resolve-from': [ '4.0.0' ],
75 silly audit   'resolve-pkg-maps': [ '1.0.0' ],
75 silly audit   'restore-cursor': [ '5.1.0' ],
75 silly audit   rettime: [ '0.7.0' ],
75 silly audit   reusify: [ '1.1.0' ],
75 silly audit   router: [ '2.2.0' ],
75 silly audit   'run-applescript': [ '7.1.0' ],
75 silly audit   'run-parallel': [ '1.2.0' ],
75 silly audit   'safe-array-concat': [ '1.1.3' ],
75 silly audit   'safe-push-apply': [ '1.0.0' ],
75 silly audit   'safe-regex-test': [ '1.1.0' ],
75 silly audit   'safer-buffer': [ '2.1.2' ],
75 silly audit   scheduler: [ '0.27.0' ],
75 silly audit   send: [ '1.2.1' ],
75 silly audit   'serve-static': [ '2.2.1' ],
75 silly audit   'set-function-length': [ '1.2.2' ],
75 silly audit   'set-function-name': [ '2.0.2' ],
75 silly audit   'set-proto': [ '1.0.0' ],
75 silly audit   setprototypeof: [ '1.2.0' ],
75 silly audit   shadcn: [ '3.7.0' ],
75 silly audit   'tsconfig-paths': [ '4.2.0', '3.15.0' ],
75 silly audit   zod: [ '3.25.76', '4.3.5' ],
75 silly audit   sharp: [ '0.34.5' ],
75 silly audit   'shebang-command': [ '2.0.0' ],
75 silly audit   'shebang-regex': [ '3.0.0' ],
75 silly audit   'side-channel': [ '1.1.0' ],
75 silly audit   'side-channel-list': [ '1.0.0' ],
75 silly audit   'side-channel-map': [ '1.0.1' ],
75 silly audit   'side-channel-weakmap': [ '1.0.2' ],
75 silly audit   sisteransi: [ '1.0.5' ],
75 silly audit   'source-map': [ '0.6.1' ],
75 silly audit   'source-map-js': [ '1.2.1' ],
75 silly audit   'stable-hash': [ '0.0.5' ],
75 silly audit   statuses: [ '2.0.2' ],
75 silly audit   'stdin-discarder': [ '0.2.2' ],
75 silly audit   'stop-iteration-iterator': [ '1.1.0' ],
75 silly audit   'strict-event-emitter': [ '0.5.1' ],
75 silly audit   'string.prototype.includes': [ '2.0.1' ],
75 silly audit   'string.prototype.matchall': [ '4.0.12' ],
75 silly audit   'string.prototype.repeat': [ '1.0.0' ],
75 silly audit   'string.prototype.trim': [ '1.2.10' ],
75 silly audit   'string.prototype.trimend': [ '1.0.9' ],
75 silly audit   'string.prototype.trimstart': [ '1.0.8' ],
75 silly audit   'stringify-object': [ '5.0.0' ],
75 silly audit   'strip-bom': [ '3.0.0' ],
75 silly audit   'strip-json-comments': [ '3.1.1' ],
75 silly audit   'styled-jsx': [ '5.1.6' ],
75 silly audit   'supports-color': [ '7.2.0' ],
75 silly audit   'supports-preserve-symlinks-flag': [ '1.0.0' ],
75 silly audit   tabbable: [ '6.4.0' ],
75 silly audit   'tagged-tag': [ '1.0.0' ],
75 silly audit   'tailwind-merge': [ '3.4.0' ],
75 silly audit   tailwindcss: [ '4.1.18' ],
75 silly audit   tapable: [ '2.3.0' ],
75 silly audit   'tiny-invariant': [ '1.3.3' ],
75 silly audit   tinyexec: [ '1.0.2' ],
75 silly audit   tinyglobby: [ '0.2.15' ],
75 silly audit   tldts: [ '7.0.19' ],
75 silly audit   'tldts-core': [ '7.0.19' ],
75 silly audit   'to-regex-range': [ '5.0.1' ],
75 silly audit   toidentifier: [ '1.0.1' ],
75 silly audit   'tough-cookie': [ '6.0.0' ],
75 silly audit   'ts-api-utils': [ '2.4.0' ],
75 silly audit   'ts-morph': [ '26.0.0' ],
75 silly audit   tslib: [ '2.8.1' ],
75 silly audit   'tw-animate-css': [ '1.4.0' ],
75 silly audit   'type-check': [ '0.4.0' ],
75 silly audit   'type-fest': [ '5.4.1' ],
75 silly audit   'type-is': [ '2.0.1' ],
75 silly audit   'typed-array-buffer': [ '1.0.3' ],
75 silly audit   'typed-array-byte-length': [ '1.0.3' ],
75 silly audit   'typed-array-byte-offset': [ '1.0.4' ],
75 silly audit   'typed-array-length': [ '1.0.7' ],
75 silly audit   typescript: [ '5.9.3' ],
75 silly audit   'typescript-eslint': [ '8.53.1' ],
75 silly audit   'unbox-primitive': [ '1.1.0' ],
75 silly audit   'undici-types': [ '6.21.0' ],
75 silly audit   'unicorn-magic': [ '0.3.0' ],
75 silly audit   universalify: [ '2.0.1' ],
75 silly audit   unpipe: [ '1.0.0' ],
75 silly audit   'unrs-resolver': [ '1.11.1' ],
75 silly audit   'until-async': [ '3.0.2' ],
75 silly audit   'update-browserslist-db': [ '1.2.3' ],
75 silly audit   'uri-js': [ '4.4.1' ],
75 silly audit   'use-sync-external-store': [ '1.6.0' ],
75 silly audit   'util-deprecate': [ '1.0.2' ],
75 silly audit   'validate-npm-package-name': [ '7.0.2' ],
75 silly audit   vary: [ '1.1.2' ],
75 silly audit   'web-streams-polyfill': [ '3.3.3' ],
75 silly audit   'which-boxed-primitive': [ '1.1.1' ],
75 silly audit   'which-builtin-type': [ '1.2.1' ],
75 silly audit   'which-collection': [ '1.0.2' ],
75 silly audit   'which-typed-array': [ '1.1.20' ],
75 silly audit   'word-wrap': [ '1.2.5' ],
75 silly audit   wrappy: [ '1.0.2' ],
75 silly audit   'wsl-utils': [ '0.3.1' ],
75 silly audit   y18n: [ '5.0.8' ],
75 silly audit   yallist: [ '3.1.1' ],
75 silly audit   yargs: [ '17.7.2' ],
75 silly audit   'yargs-parser': [ '21.1.1' ],
75 silly audit   'yocto-queue': [ '0.1.0' ],
75 silly audit   yoctocolors: [ '2.1.2' ],
75 silly audit   'yoctocolors-cjs': [ '2.1.3' ],
75 silly audit   'zod-to-json-schema': [ '3.25.1' ],
75 silly audit   'zod-validation-error': [ '4.0.2' ],
75 silly audit   '@supabase/supabase-js': [ '2.91.0' ],
75 silly audit   '@supabase/auth-js': [ '2.91.0' ],
75 silly audit   '@supabase/functions-js': [ '2.91.0' ],
75 silly audit   '@supabase/postgrest-js': [ '2.91.0' ],
75 silly audit   '@supabase/realtime-js': [ '2.91.0' ],
75 silly audit   '@supabase/storage-js': [ '2.91.0' ],
75 silly audit   '@types/phoenix': [ '1.6.7' ],
75 silly audit   '@types/ws': [ '8.18.1' ],
75 silly audit   ws: [ '8.19.0' ],
75 silly audit   'iceberg-js': [ '0.8.1' ],
75 silly audit   '@tailwindcss/oxide-wasm32-wasi': [ '4.1.18' ]
75 silly audit }
76 verbose reify failed optional dependency /Users/aaronmonro/code/lula_design_exercise/node_modules/lightningcss-win32-x64-msvc
77 silly reify mark deleted [
77 silly reify   '/Users/aaronmonro/code/lula_design_exercise/node_modules/lightningcss-win32-x64-msvc'
77 silly reify ]
78 verbose reify failed optional dependency /Users/aaronmonro/code/lula_design_exercise/node_modules/lightningcss-win32-arm64-msvc
79 silly reify mark deleted [
79 silly reify   '/Users/aaronmonro/code/lula_design_exercise/node_modules/lightningcss-win32-arm64-msvc'
79 silly reify ]
80 verbose reify failed optional dependency /Users/aaronmonro/code/lula_design_exercise/node_modules/lightningcss-linux-x64-musl
81 silly reify mark deleted [
81 silly reify   '/Users/aaronmonro/code/lula_design_exercise/node_modules/lightningcss-linux-x64-musl'
81 silly reify ]
82 verbose reify failed optional dependency /Users/aaronmonro/code/lula_design_exercise/node_modules/lightningcss-linux-x64-gnu
83 silly reify mark deleted [
83 silly reify   '/Users/aaronmonro/code/lula_design_exercise/node_modules/lightningcss-linux-x64-gnu'
83 silly reify ]
84 verbose reify failed optional dependency /Users/aaronmonro/code/lula_design_exercise/node_modules/lightningcss-linux-arm64-musl
85 silly reify mark deleted [
85 silly reify   '/Users/aaronmonro/code/lula_design_exercise/node_modules/lightningcss-linux-arm64-musl'
85 silly reify ]
86 verbose reify failed optional dependency /Users/aaronmonro/code/lula_design_exercise/node_modules/lightningcss-linux-arm64-gnu
87 silly reify mark deleted [
87 silly reify   '/Users/aaronmonro/code/lula_design_exercise/node_modules/lightningcss-linux-arm64-gnu'
87 silly reify ]
88 verbose reify failed optional dependency /Users/aaronmonro/code/lula_design_exercise/node_modules/lightningcss-linux-arm-gnueabihf
89 silly reify mark deleted [
89 silly reify   '/Users/aaronmonro/code/lula_design_exercise/node_modules/lightningcss-linux-arm-gnueabihf'
89 silly reify ]
90 verbose reify failed optional dependency /Users/aaronmonro/code/lula_design_exercise/node_modules/lightningcss-freebsd-x64
91 silly reify mark deleted [
91 silly reify   '/Users/aaronmonro/code/lula_design_exercise/node_modules/lightningcss-freebsd-x64'
91 silly reify ]
92 verbose reify failed optional dependency /Users/aaronmonro/code/lula_design_exercise/node_modules/lightningcss-darwin-x64
93 silly reify mark deleted [
93 silly reify   '/Users/aaronmonro/code/lula_design_exercise/node_modules/lightningcss-darwin-x64'
93 silly reify ]
94 verbose reify failed optional dependency /Users/aaronmonro/code/lula_design_exercise/node_modules/lightningcss-android-arm64
95 silly reify mark deleted [
95 silly reify   '/Users/aaronmonro/code/lula_design_exercise/node_modules/lightningcss-android-arm64'
95 silly reify ]
96 verbose reify failed optional dependency /Users/aaronmonro/code/lula_design_exercise/node_modules/@unrs/resolver-binding-win32-x64-msvc
97 silly reify mark deleted [
97 silly reify   '/Users/aaronmonro/code/lula_design_exercise/node_modules/@unrs/resolver-binding-win32-x64-msvc'
97 silly reify ]
98 verbose reify failed optional dependency /Users/aaronmonro/code/lula_design_exercise/node_modules/@unrs/resolver-binding-win32-ia32-msvc
99 silly reify mark deleted [
99 silly reify   '/Users/aaronmonro/code/lula_design_exercise/node_modules/@unrs/resolver-binding-win32-ia32-msvc'
99 silly reify ]
100 verbose reify failed optional dependency /Users/aaronmonro/code/lula_design_exercise/node_modules/@unrs/resolver-binding-win32-arm64-msvc
101 silly reify mark deleted [
101 silly reify   '/Users/aaronmonro/code/lula_design_exercise/node_modules/@unrs/resolver-binding-win32-arm64-msvc'
101 silly reify ]
102 verbose reify failed optional dependency /Users/aaronmonro/code/lula_design_exercise/node_modules/@unrs/resolver-binding-wasm32-wasi
103 silly reify mark deleted [
103 silly reify   '/Users/aaronmonro/code/lula_design_exercise/node_modules/@unrs/resolver-binding-wasm32-wasi'
103 silly reify ]
104 verbose reify failed optional dependency /Users/aaronmonro/code/lula_design_exercise/node_modules/@unrs/resolver-binding-linux-x64-musl
105 silly reify mark deleted [
105 silly reify   '/Users/aaronmonro/code/lula_design_exercise/node_modules/@unrs/resolver-binding-linux-x64-musl'
105 silly reify ]
106 verbose reify failed optional dependency /Users/aaronmonro/code/lula_design_exercise/node_modules/@unrs/resolver-binding-linux-x64-gnu
107 silly reify mark deleted [
107 silly reify   '/Users/aaronmonro/code/lula_design_exercise/node_modules/@unrs/resolver-binding-linux-x64-gnu'
107 silly reify ]
108 verbose reify failed optional dependency /Users/aaronmonro/code/lula_design_exercise/node_modules/@unrs/resolver-binding-linux-s390x-gnu
109 silly reify mark deleted [
109 silly reify   '/Users/aaronmonro/code/lula_design_exercise/node_modules/@unrs/resolver-binding-linux-s390x-gnu'
109 silly reify ]
110 verbose reify failed optional dependency /Users/aaronmonro/code/lula_design_exercise/node_modules/@unrs/resolver-binding-linux-riscv64-musl
111 silly reify mark deleted [
111 silly reify   '/Users/aaronmonro/code/lula_design_exercise/node_modules/@unrs/resolver-binding-linux-riscv64-musl'
111 silly reify ]
112 verbose reify failed optional dependency /Users/aaronmonro/code/lula_design_exercise/node_modules/@unrs/resolver-binding-linux-riscv64-gnu
113 silly reify mark deleted [
113 silly reify   '/Users/aaronmonro/code/lula_design_exercise/node_modules/@unrs/resolver-binding-linux-riscv64-gnu'
113 silly reify ]
114 verbose reify failed optional dependency /Users/aaronmonro/code/lula_design_exercise/node_modules/@unrs/resolver-binding-linux-ppc64-gnu
115 silly reify mark deleted [
115 silly reify   '/Users/aaronmonro/code/lula_design_exercise/node_modules/@unrs/resolver-binding-linux-ppc64-gnu'
115 silly reify ]
116 verbose reify failed optional dependency /Users/aaronmonro/code/lula_design_exercise/node_modules/@unrs/resolver-binding-linux-arm64-musl
117 silly reify mark deleted [
117 silly reify   '/Users/aaronmonro/code/lula_design_exercise/node_modules/@unrs/resolver-binding-linux-arm64-musl'
117 silly reify ]
118 verbose reify failed optional dependency /Users/aaronmonro/code/lula_design_exercise/node_modules/@unrs/resolver-binding-linux-arm64-gnu
119 silly reify mark deleted [
119 silly reify   '/Users/aaronmonro/code/lula_design_exercise/node_modules/@unrs/resolver-binding-linux-arm64-gnu'
119 silly reify ]
120 verbose reify failed optional dependency /Users/aaronmonro/code/lula_design_exercise/node_modules/@unrs/resolver-binding-linux-arm-musleabihf
121 silly reify mark deleted [
121 silly reify   '/Users/aaronmonro/code/lula_design_exercise/node_modules/@unrs/resolver-binding-linux-arm-musleabihf'
121 silly reify ]
122 verbose reify failed optional dependency /Users/aaronmonro/code/lula_design_exercise/node_modules/@unrs/resolver-binding-linux-arm-gnueabihf
123 silly reify mark deleted [
123 silly reify   '/Users/aaronmonro/code/lula_design_exercise/node_modules/@unrs/resolver-binding-linux-arm-gnueabihf'
123 silly reify ]
124 verbose reify failed optional dependency /Users/aaronmonro/code/lula_design_exercise/node_modules/@unrs/resolver-binding-freebsd-x64
125 silly reify mark deleted [
125 silly reify   '/Users/aaronmonro/code/lula_design_exercise/node_modules/@unrs/resolver-binding-freebsd-x64'
125 silly reify ]
126 verbose reify failed optional dependency /Users/aaronmonro/code/lula_design_exercise/node_modules/@unrs/resolver-binding-darwin-x64
127 silly reify mark deleted [
127 silly reify   '/Users/aaronmonro/code/lula_design_exercise/node_modules/@unrs/resolver-binding-darwin-x64'
127 silly reify ]
128 verbose reify failed optional dependency /Users/aaronmonro/code/lula_design_exercise/node_modules/@unrs/resolver-binding-android-arm64
129 silly reify mark deleted [
129 silly reify   '/Users/aaronmonro/code/lula_design_exercise/node_modules/@unrs/resolver-binding-android-arm64'
129 silly reify ]
130 verbose reify failed optional dependency /Users/aaronmonro/code/lula_design_exercise/node_modules/@unrs/resolver-binding-android-arm-eabi
131 silly reify mark deleted [
131 silly reify   '/Users/aaronmonro/code/lula_design_exercise/node_modules/@unrs/resolver-binding-android-arm-eabi'
131 silly reify ]
132 verbose reify failed optional dependency /Users/aaronmonro/code/lula_design_exercise/node_modules/@tailwindcss/oxide-win32-x64-msvc
133 silly reify mark deleted [
133 silly reify   '/Users/aaronmonro/code/lula_design_exercise/node_modules/@tailwindcss/oxide-win32-x64-msvc'
133 silly reify ]
134 verbose reify failed optional dependency /Users/aaronmonro/code/lula_design_exercise/node_modules/@tailwindcss/oxide-win32-arm64-msvc
135 silly reify mark deleted [
135 silly reify   '/Users/aaronmonro/code/lula_design_exercise/node_modules/@tailwindcss/oxide-win32-arm64-msvc'
135 silly reify ]
136 verbose reify failed optional dependency /Users/aaronmonro/code/lula_design_exercise/node_modules/@tailwindcss/oxide-linux-x64-musl
137 silly reify mark deleted [
137 silly reify   '/Users/aaronmonro/code/lula_design_exercise/node_modules/@tailwindcss/oxide-linux-x64-musl'
137 silly reify ]
138 verbose reify failed optional dependency /Users/aaronmonro/code/lula_design_exercise/node_modules/@tailwindcss/oxide-linux-x64-gnu
139 silly reify mark deleted [
139 silly reify   '/Users/aaronmonro/code/lula_design_exercise/node_modules/@tailwindcss/oxide-linux-x64-gnu'
139 silly reify ]
140 verbose reify failed optional dependency /Users/aaronmonro/code/lula_design_exercise/node_modules/@tailwindcss/oxide-linux-arm64-musl
141 silly reify mark deleted [
141 silly reify   '/Users/aaronmonro/code/lula_design_exercise/node_modules/@tailwindcss/oxide-linux-arm64-musl'
141 silly reify ]
142 verbose reify failed optional dependency /Users/aaronmonro/code/lula_design_exercise/node_modules/@tailwindcss/oxide-linux-arm64-gnu
143 silly reify mark deleted [
143 silly reify   '/Users/aaronmonro/code/lula_design_exercise/node_modules/@tailwindcss/oxide-linux-arm64-gnu'
143 silly reify ]
144 verbose reify failed optional dependency /Users/aaronmonro/code/lula_design_exercise/node_modules/@tailwindcss/oxide-linux-arm-gnueabihf
145 silly reify mark deleted [
145 silly reify   '/Users/aaronmonro/code/lula_design_exercise/node_modules/@tailwindcss/oxide-linux-arm-gnueabihf'
145 silly reify ]
146 verbose reify failed optional dependency /Users/aaronmonro/code/lula_design_exercise/node_modules/@tailwindcss/oxide-freebsd-x64
147 silly reify mark deleted [
147 silly reify   '/Users/aaronmonro/code/lula_design_exercise/node_modules/@tailwindcss/oxide-freebsd-x64'
147 silly reify ]
148 verbose reify failed optional dependency /Users/aaronmonro/code/lula_design_exercise/node_modules/@tailwindcss/oxide-darwin-x64
149 silly reify mark deleted [
149 silly reify   '/Users/aaronmonro/code/lula_design_exercise/node_modules/@tailwindcss/oxide-darwin-x64'
149 silly reify ]
150 verbose reify failed optional dependency /Users/aaronmonro/code/lula_design_exercise/node_modules/@tailwindcss/oxide-android-arm64
151 silly reify mark deleted [
151 silly reify   '/Users/aaronmonro/code/lula_design_exercise/node_modules/@tailwindcss/oxide-android-arm64'
151 silly reify ]
152 verbose reify failed optional dependency /Users/aaronmonro/code/lula_design_exercise/node_modules/@next/swc-win32-x64-msvc
153 silly reify mark deleted [
153 silly reify   '/Users/aaronmonro/code/lula_design_exercise/node_modules/@next/swc-win32-x64-msvc'
153 silly reify ]
154 verbose reify failed optional dependency /Users/aaronmonro/code/lula_design_exercise/node_modules/@next/swc-win32-arm64-msvc
155 silly reify mark deleted [
155 silly reify   '/Users/aaronmonro/code/lula_design_exercise/node_modules/@next/swc-win32-arm64-msvc'
155 silly reify ]
156 verbose reify failed optional dependency /Users/aaronmonro/code/lula_design_exercise/node_modules/@next/swc-linux-x64-musl
157 silly reify mark deleted [
157 silly reify   '/Users/aaronmonro/code/lula_design_exercise/node_modules/@next/swc-linux-x64-musl'
157 silly reify ]
158 verbose reify failed optional dependency /Users/aaronmonro/code/lula_design_exercise/node_modules/@next/swc-linux-x64-gnu
159 silly reify mark deleted [
159 silly reify   '/Users/aaronmonro/code/lula_design_exercise/node_modules/@next/swc-linux-x64-gnu'
159 silly reify ]
160 verbose reify failed optional dependency /Users/aaronmonro/code/lula_design_exercise/node_modules/@next/swc-linux-arm64-musl
161 silly reify mark deleted [
161 silly reify   '/Users/aaronmonro/code/lula_design_exercise/node_modules/@next/swc-linux-arm64-musl'
161 silly reify ]
162 verbose reify failed optional dependency /Users/aaronmonro/code/lula_design_exercise/node_modules/@next/swc-linux-arm64-gnu
163 silly reify mark deleted [
163 silly reify   '/Users/aaronmonro/code/lula_design_exercise/node_modules/@next/swc-linux-arm64-gnu'
163 silly reify ]
164 verbose reify failed optional dependency /Users/aaronmonro/code/lula_design_exercise/node_modules/@next/swc-darwin-x64
165 silly reify mark deleted [
165 silly reify   '/Users/aaronmonro/code/lula_design_exercise/node_modules/@next/swc-darwin-x64'
165 silly reify ]
166 verbose reify failed optional dependency /Users/aaronmonro/code/lula_design_exercise/node_modules/@img/sharp-win32-x64
167 silly reify mark deleted [
167 silly reify   '/Users/aaronmonro/code/lula_design_exercise/node_modules/@img/sharp-win32-x64'
167 silly reify ]
168 verbose reify failed optional dependency /Users/aaronmonro/code/lula_design_exercise/node_modules/@img/sharp-win32-ia32
169 silly reify mark deleted [
169 silly reify   '/Users/aaronmonro/code/lula_design_exercise/node_modules/@img/sharp-win32-ia32'
169 silly reify ]
170 verbose reify failed optional dependency /Users/aaronmonro/code/lula_design_exercise/node_modules/@img/sharp-win32-arm64
171 silly reify mark deleted [
171 silly reify   '/Users/aaronmonro/code/lula_design_exercise/node_modules/@img/sharp-win32-arm64'
171 silly reify ]
172 verbose reify failed optional dependency /Users/aaronmonro/code/lula_design_exercise/node_modules/@img/sharp-wasm32
173 silly reify mark deleted [
173 silly reify   '/Users/aaronmonro/code/lula_design_exercise/node_modules/@img/sharp-wasm32'
173 silly reify ]
174 verbose reify failed optional dependency /Users/aaronmonro/code/lula_design_exercise/node_modules/@img/sharp-linuxmusl-x64
175 silly reify mark deleted [
175 silly reify   '/Users/aaronmonro/code/lula_design_exercise/node_modules/@img/sharp-linuxmusl-x64'
175 silly reify ]
176 verbose reify failed optional dependency /Users/aaronmonro/code/lula_design_exercise/node_modules/@img/sharp-linuxmusl-arm64
177 silly reify mark deleted [
177 silly reify   '/Users/aaronmonro/code/lula_design_exercise/node_modules/@img/sharp-linuxmusl-arm64'
177 silly reify ]
178 verbose reify failed optional dependency /Users/aaronmonro/code/lula_design_exercise/node_modules/@img/sharp-linux-x64
179 silly reify mark deleted [
179 silly reify   '/Users/aaronmonro/code/lula_design_exercise/node_modules/@img/sharp-linux-x64'
179 silly reify ]
180 verbose reify failed optional dependency /Users/aaronmonro/code/lula_design_exercise/node_modules/@img/sharp-linux-s390x
181 silly reify mark deleted [
181 silly reify   '/Users/aaronmonro/code/lula_design_exercise/node_modules/@img/sharp-linux-s390x'
181 silly reify ]
182 verbose reify failed optional dependency /Users/aaronmonro/code/lula_design_exercise/node_modules/@img/sharp-linux-riscv64
183 silly reify mark deleted [
183 silly reify   '/Users/aaronmonro/code/lula_design_exercise/node_modules/@img/sharp-linux-riscv64'
183 silly reify ]
184 verbose reify failed optional dependency /Users/aaronmonro/code/lula_design_exercise/node_modules/@img/sharp-linux-ppc64
185 silly reify mark deleted [
185 silly reify   '/Users/aaronmonro/code/lula_design_exercise/node_modules/@img/sharp-linux-ppc64'
185 silly reify ]
186 verbose reify failed optional dependency /Users/aaronmonro/code/lula_design_exercise/node_modules/@img/sharp-linux-arm64
187 silly reify mark deleted [
187 silly reify   '/Users/aaronmonro/code/lula_design_exercise/node_modules/@img/sharp-linux-arm64'
187 silly reify ]
188 verbose reify failed optional dependency /Users/aaronmonro/code/lula_design_exercise/node_modules/@img/sharp-linux-arm
189 silly reify mark deleted [
189 silly reify   '/Users/aaronmonro/code/lula_design_exercise/node_modules/@img/sharp-linux-arm'
189 silly reify ]
190 verbose reify failed optional dependency /Users/aaronmonro/code/lula_design_exercise/node_modules/@img/sharp-libvips-linuxmusl-x64
191 silly reify mark deleted [
191 silly reify   '/Users/aaronmonro/code/lula_design_exercise/node_modules/@img/sharp-libvips-linuxmusl-x64'
191 silly reify ]
192 verbose reify failed optional dependency /Users/aaronmonro/code/lula_design_exercise/node_modules/@img/sharp-libvips-linuxmusl-arm64
193 silly reify mark deleted [
193 silly reify   '/Users/aaronmonro/code/lula_design_exercise/node_modules/@img/sharp-libvips-linuxmusl-arm64'
193 silly reify ]
194 verbose reify failed optional dependency /Users/aaronmonro/code/lula_design_exercise/node_modules/@img/sharp-libvips-linux-x64
195 silly reify mark deleted [
195 silly reify   '/Users/aaronmonro/code/lula_design_exercise/node_modules/@img/sharp-libvips-linux-x64'
195 silly reify ]
196 verbose reify failed optional dependency /Users/aaronmonro/code/lula_design_exercise/node_modules/@img/sharp-libvips-linux-s390x
197 silly reify mark deleted [
197 silly reify   '/Users/aaronmonro/code/lula_design_exercise/node_modules/@img/sharp-libvips-linux-s390x'
197 silly reify ]
198 verbose reify failed optional dependency /Users/aaronmonro/code/lula_design_exercise/node_modules/@img/sharp-libvips-linux-riscv64
199 silly reify mark deleted [
199 silly reify   '/Users/aaronmonro/code/lula_design_exercise/node_modules/@img/sharp-libvips-linux-riscv64'
199 silly reify ]
200 verbose reify failed optional dependency /Users/aaronmonro/code/lula_design_exercise/node_modules/@img/sharp-libvips-linux-ppc64
201 silly reify mark deleted [
201 silly reify   '/Users/aaronmonro/code/lula_design_exercise/node_modules/@img/sharp-libvips-linux-ppc64'
201 silly reify ]
202 verbose reify failed optional dependency /Users/aaronmonro/code/lula_design_exercise/node_modules/@img/sharp-libvips-linux-arm64
203 silly reify mark deleted [
203 silly reify   '/Users/aaronmonro/code/lula_design_exercise/node_modules/@img/sharp-libvips-linux-arm64'
203 silly reify ]
204 verbose reify failed optional dependency /Users/aaronmonro/code/lula_design_exercise/node_modules/@img/sharp-libvips-linux-arm
205 silly reify mark deleted [
205 silly reify   '/Users/aaronmonro/code/lula_design_exercise/node_modules/@img/sharp-libvips-linux-arm'
205 silly reify ]
206 verbose reify failed optional dependency /Users/aaronmonro/code/lula_design_exercise/node_modules/@img/sharp-libvips-darwin-x64
207 silly reify mark deleted [
207 silly reify   '/Users/aaronmonro/code/lula_design_exercise/node_modules/@img/sharp-libvips-darwin-x64'
207 silly reify ]
208 verbose reify failed optional dependency /Users/aaronmonro/code/lula_design_exercise/node_modules/@img/sharp-darwin-x64
209 silly reify mark deleted [
209 silly reify   '/Users/aaronmonro/code/lula_design_exercise/node_modules/@img/sharp-darwin-x64'
209 silly reify ]
210 silly tarball no local data for iceberg-js@https://registry.npmjs.org/iceberg-js/-/iceberg-js-0.8.1.tgz. Extracting by manifest.
211 silly tarball no local data for ws@https://registry.npmjs.org/ws/-/ws-8.19.0.tgz. Extracting by manifest.
212 silly tarball no local data for @types/ws@https://registry.npmjs.org/@types/ws/-/ws-8.18.1.tgz. Extracting by manifest.
213 silly tarball no local data for @supabase/storage-js@https://registry.npmjs.org/@supabase/storage-js/-/storage-js-2.91.0.tgz. Extracting by manifest.
214 silly tarball no local data for @types/phoenix@https://registry.npmjs.org/@types/phoenix/-/phoenix-1.6.7.tgz. Extracting by manifest.
215 silly tarball no local data for @supabase/realtime-js@https://registry.npmjs.org/@supabase/realtime-js/-/realtime-js-2.91.0.tgz. Extracting by manifest.
216 silly tarball no local data for @supabase/auth-js@https://registry.npmjs.org/@supabase/auth-js/-/auth-js-2.91.0.tgz. Extracting by manifest.
217 silly tarball no local data for @supabase/functions-js@https://registry.npmjs.org/@supabase/functions-js/-/functions-js-2.91.0.tgz. Extracting by manifest.
218 silly tarball no local data for @supabase/supabase-js@https://registry.npmjs.org/@supabase/supabase-js/-/supabase-js-2.91.0.tgz. Extracting by manifest.
219 silly tarball no local data for @supabase/postgrest-js@https://registry.npmjs.org/@supabase/postgrest-js/-/postgrest-js-2.91.0.tgz. Extracting by manifest.
220 http fetch GET 200 https://registry.npmjs.org/@types/ws/-/ws-8.18.1.tgz 121ms (cache miss)
221 http fetch GET 200 https://registry.npmjs.org/ws/-/ws-8.19.0.tgz 126ms (cache miss)
222 http fetch GET 200 https://registry.npmjs.org/@supabase/storage-js/-/storage-js-2.91.0.tgz 129ms (cache miss)
223 http fetch GET 200 https://registry.npmjs.org/iceberg-js/-/iceberg-js-0.8.1.tgz 147ms (cache miss)
224 http fetch POST 200 https://registry.npmjs.org/-/npm/v1/security/advisories/bulk 210ms
225 silly audit report {}
226 http fetch GET 200 https://registry.npmjs.org/@types/phoenix/-/phoenix-1.6.7.tgz 222ms (cache miss)
227 http fetch GET 200 https://registry.npmjs.org/@supabase/functions-js/-/functions-js-2.91.0.tgz 227ms (cache miss)
228 http fetch GET 200 https://registry.npmjs.org/@supabase/realtime-js/-/realtime-js-2.91.0.tgz 228ms (cache miss)
229 http fetch GET 200 https://registry.npmjs.org/@supabase/supabase-js/-/supabase-js-2.91.0.tgz 286ms (cache miss)
230 http fetch GET 200 https://registry.npmjs.org/@supabase/postgrest-js/-/postgrest-js-2.91.0.tgz 329ms (cache miss)
231 http fetch GET 200 https://registry.npmjs.org/@supabase/auth-js/-/auth-js-2.91.0.tgz 382ms (cache miss)
232 silly ADD node_modules/iceberg-js
233 silly ADD node_modules/ws
234 silly ADD node_modules/@types/ws
235 silly ADD node_modules/@types/phoenix
236 silly ADD node_modules/@supabase/storage-js
237 silly ADD node_modules/@supabase/realtime-js
238 silly ADD node_modules/@supabase/postgrest-js
239 silly ADD node_modules/@supabase/functions-js
240 silly ADD node_modules/@supabase/auth-js
241 silly ADD node_modules/@supabase/supabase-js
242 silly ADD
243 silly ADD
244 silly ADD
245 silly ADD
246 silly ADD
247 silly ADD
248 silly ADD
249 silly ADD
250 silly ADD
251 silly ADD
252 silly ADD
253 silly ADD
254 silly ADD
255 silly ADD
256 silly ADD
257 silly ADD
258 silly ADD
259 silly ADD
260 silly ADD
261 silly ADD
262 silly ADD
263 silly ADD
264 silly ADD
265 silly ADD
266 silly ADD
267 silly ADD
268 silly ADD
269 silly ADD
270 silly ADD
271 silly ADD
272 silly ADD
273 silly ADD
274 silly ADD
275 silly ADD
276 silly ADD
277 silly ADD
278 silly ADD
279 silly ADD
280 silly ADD
281 silly ADD
282 silly ADD
283 silly ADD
284 silly ADD
285 silly ADD
286 silly ADD
287 silly ADD
288 silly ADD
289 silly ADD
290 silly ADD
291 silly ADD
292 silly ADD
293 silly ADD
294 silly ADD
295 silly ADD
296 silly ADD
297 silly ADD
298 silly ADD
299 silly ADD
300 silly ADD
301 silly ADD
302 silly ADD
303 silly ADD
304 silly ADD
305 silly ADD
306 silly ADD
307 silly ADD
308 silly ADD
309 silly ADD
310 verbose cwd /Users/aaronmonro/code/lula_design_exercise
311 verbose os Darwin 25.2.0
312 verbose node v20.18.1
313 verbose npm  v10.8.2
314 verbose exit 0
315 info ok
